{
  "stdout": [
    "WRAP manifest written in ./build"
  ],
  "exitCode": 0
}
